2024-06-26 09:31:53,122 - custom_logger - INFO - Custom logger module initialized.
2024-06-26 09:31:54,295 - custom_logger - INFO - Parent folder: C:\Users\lenov\OneDrive\Documents\wine_quality
2024-06-26 09:31:54,295 - custom_logger - INFO - >>>>> stage Data Ingestion stage started <<<<<
2024-06-26 09:31:54,295 - custom_logger - INFO - yaml file: src\config.yaml loaded successfully
2024-06-26 09:31:54,295 - custom_logger - INFO - yaml file: src\models\params.yaml loaded successfully
2024-06-26 09:31:54,295 - custom_logger - INFO - yaml file: src\data\schema.yaml loaded successfully
2024-06-26 09:31:54,295 - custom_logger - INFO - created directory at: data/raw
2024-06-26 09:31:56,442 - custom_logger - INFO - data/raw/data.zip download! With following info: 
Connection: close
Content-Length: 23329
Cache-Control: max-age=300
Content-Security-Policy: default-src 'none'; style-src 'unsafe-inline'; sandbox
Content-Type: application/zip
ETag: "c69888a4ae59bc5a893392785a938ccd4937981c06ba8a9d6a21aa52b4ab5b6e"
Strict-Transport-Security: max-age=31536000
X-Content-Type-Options: nosniff
X-Frame-Options: deny
X-XSS-Protection: 1; mode=block
X-GitHub-Request-Id: 5134:2EE21C:D011BD:DAFD95:667BC3E9
Accept-Ranges: bytes
Date: Wed, 26 Jun 2024 07:31:54 GMT
Via: 1.1 varnish
X-Served-By: cache-par-lfpg1960055-PAR
X-Cache: MISS
X-Cache-Hits: 0
X-Timer: S1719387114.012083,VS0,VE165
Vary: Authorization,Accept-Encoding,Origin
Access-Control-Allow-Origin: *
Cross-Origin-Resource-Policy: cross-origin
X-Fastly-Request-ID: c9a5fdc338ec98b0ec193099bd8d01516b7bcd4e
Expires: Wed, 26 Jun 2024 07:36:54 GMT
Source-Age: 0


2024-06-26 09:31:56,448 - custom_logger - INFO - >>>>> stage Data Ingestion stage completed <<<<<

x=======x
2024-06-26 09:34:08,972 - custom_logger - INFO - Custom logger module initialized.
2024-06-26 09:34:09,563 - custom_logger - INFO - Parent folder: C:\Users\lenov\OneDrive\Documents\wine_quality
2024-06-26 09:34:09,563 - custom_logger - INFO - >>>>> stage Data Ingestion stage started <<<<<
2024-06-26 09:34:09,563 - custom_logger - INFO - yaml file: src\config.yaml loaded successfully
2024-06-26 09:34:09,563 - custom_logger - INFO - yaml file: src\models\params.yaml loaded successfully
2024-06-26 09:34:09,572 - custom_logger - INFO - yaml file: src\data\schema.yaml loaded successfully
2024-06-26 09:34:09,572 - custom_logger - INFO - created directory at: data/raw
2024-06-26 09:34:09,572 - custom_logger - INFO - File already exists.
2024-06-26 09:34:09,578 - custom_logger - INFO - >>>>> stage Data Ingestion stage completed <<<<<

x=======x
2024-06-26 15:03:40,827 - custom_logger - INFO - Custom logger module initialized.
2024-06-26 15:04:37,163 - custom_logger - INFO - yaml file: src\config.yaml loaded successfully
2024-06-26 15:04:37,164 - custom_logger - INFO - yaml file: src\models\params.yaml loaded successfully
2024-06-26 15:04:37,166 - custom_logger - INFO - yaml file: src\data\schema.yaml loaded successfully
2024-06-26 15:04:37,167 - custom_logger - INFO - created directory at: data/raw
2024-06-26 15:05:33,678 - custom_logger - INFO - yaml file: src\config.yaml loaded successfully
2024-06-26 15:05:33,679 - custom_logger - INFO - yaml file: src\models\params.yaml loaded successfully
2024-06-26 15:05:33,681 - custom_logger - INFO - yaml file: src\data\schema.yaml loaded successfully
2024-06-26 15:05:33,683 - custom_logger - INFO - created directory at: data/raw
2024-06-26 15:05:33,683 - custom_logger - INFO - File already exists.
2024-06-27 15:47:59,157 - custom_logger - INFO - Custom logger module initialized.
2024-06-27 15:48:02,427 - custom_logger - INFO - >>>>> stage Data Validation stage started <<<<<
2024-06-27 15:48:02,427 - custom_logger - INFO - yaml file: src\config.yaml loaded successfully
2024-06-27 15:48:02,441 - custom_logger - INFO - yaml file: src\models\params.yaml loaded successfully
2024-06-27 15:48:02,443 - custom_logger - INFO - yaml file: src\data\schema.yaml loaded successfully
2024-06-27 15:48:02,443 - custom_logger - INFO - created directory at: data
2024-06-27 15:48:02,443 - custom_logger - ERROR - "'ConfigBox' object has no attribute 'unzip_data_dir'"
Traceback (most recent call last):
  File "c:\Users\lenov\OneDrive\Documents\wine_quality\wq_env\Lib\site-packages\box\box.py", line 503, in __getitem__
    return super().__getitem__(item)
           ^^^^^^^^^^^^^^^^^^^^^^^^^
KeyError: 'unzip_data_dir'

The above exception was the direct cause of the following exception:

Traceback (most recent call last):
  File "c:\Users\lenov\OneDrive\Documents\wine_quality\wq_env\Lib\site-packages\box\box.py", line 536, in __getattr__
    value = self.__getitem__(item, _ignore_default=True)
            ^^^^^^^^^^^^^^^^^^^^^^^^^^^^^^^^^^^^^^^^^^^^
  File "c:\Users\lenov\OneDrive\Documents\wine_quality\wq_env\Lib\site-packages\box\box.py", line 524, in __getitem__
    raise BoxKeyError(str(err)) from _exception_cause(err)
box.exceptions.BoxKeyError: "'unzip_data_dir'"

During handling of the above exception, another exception occurred:

Traceback (most recent call last):
  File "c:\Users\lenov\OneDrive\Documents\wine_quality\wq_env\Lib\site-packages\box\box.py", line 538, in __getattr__
    value = object.__getattribute__(self, item)
            ^^^^^^^^^^^^^^^^^^^^^^^^^^^^^^^^^^^
AttributeError: 'ConfigBox' object has no attribute 'unzip_data_dir'

The above exception was the direct cause of the following exception:

Traceback (most recent call last):
  File "c:\Users\lenov\OneDrive\Documents\wine_quality\wq_env\Lib\site-packages\box\config_box.py", line 28, in __getattr__
    return super().__getattr__(item)
           ^^^^^^^^^^^^^^^^^^^^^^^^^
  File "c:\Users\lenov\OneDrive\Documents\wine_quality\wq_env\Lib\site-packages\box\box.py", line 552, in __getattr__
    raise BoxKeyError(str(err)) from _exception_cause(err)
box.exceptions.BoxKeyError: "'ConfigBox' object has no attribute 'unzip_data_dir'"

During handling of the above exception, another exception occurred:

Traceback (most recent call last):
  File "c:\Users\lenov\OneDrive\Documents\wine_quality\wq_env\Lib\site-packages\box\box.py", line 503, in __getitem__
    return super().__getitem__(item)
           ^^^^^^^^^^^^^^^^^^^^^^^^^
KeyError: 'unzip_data_dir'

The above exception was the direct cause of the following exception:

Traceback (most recent call last):
  File "c:\Users\lenov\OneDrive\Documents\wine_quality\wq_env\Lib\site-packages\box\box.py", line 536, in __getattr__
    value = self.__getitem__(item, _ignore_default=True)
            ^^^^^^^^^^^^^^^^^^^^^^^^^^^^^^^^^^^^^^^^^^^^
  File "c:\Users\lenov\OneDrive\Documents\wine_quality\wq_env\Lib\site-packages\box\box.py", line 524, in __getitem__
    raise BoxKeyError(str(err)) from _exception_cause(err)
box.exceptions.BoxKeyError: "'unzip_data_dir'"

During handling of the above exception, another exception occurred:

Traceback (most recent call last):
  File "c:\Users\lenov\OneDrive\Documents\wine_quality\wq_env\Lib\site-packages\box\box.py", line 538, in __getattr__
    value = object.__getattribute__(self, item)
            ^^^^^^^^^^^^^^^^^^^^^^^^^^^^^^^^^^^
AttributeError: 'ConfigBox' object has no attribute 'unzip_data_dir'

The above exception was the direct cause of the following exception:

Traceback (most recent call last):
  File "C:\Users\lenov\OneDrive\Documents\wine_quality\src\pipeline\stage02_data_validation.py", line 28, in <module>
    obj.main()
  File "C:\Users\lenov\OneDrive\Documents\wine_quality\src\pipeline\stage02_data_validation.py", line 20, in main
    data_validation_config = config.get_data_validation_config()
                             ^^^^^^^^^^^^^^^^^^^^^^^^^^^^^^^^^^^
  File "C:\Users\lenov\OneDrive\Documents\wine_quality\src\config_manager.py", line 44, in get_data_validation_config
    unzip_data_dir = config.unzip_data_dir,
                     ^^^^^^^^^^^^^^^^^^^^^
  File "c:\Users\lenov\OneDrive\Documents\wine_quality\wq_env\Lib\site-packages\box\config_box.py", line 30, in __getattr__
    return super().__getattr__(item.lower())
           ^^^^^^^^^^^^^^^^^^^^^^^^^^^^^^^^^
  File "c:\Users\lenov\OneDrive\Documents\wine_quality\wq_env\Lib\site-packages\box\box.py", line 552, in __getattr__
    raise BoxKeyError(str(err)) from _exception_cause(err)
box.exceptions.BoxKeyError: "'ConfigBox' object has no attribute 'unzip_data_dir'"
2024-06-27 15:52:35,533 - custom_logger - INFO - Custom logger module initialized.
2024-06-27 15:52:37,302 - custom_logger - INFO - >>>>> stage Data Validation stage started <<<<<
2024-06-27 15:52:37,311 - custom_logger - INFO - yaml file: src\config.yaml loaded successfully
2024-06-27 15:52:37,312 - custom_logger - INFO - yaml file: src\models\params.yaml loaded successfully
2024-06-27 15:52:37,314 - custom_logger - INFO - yaml file: src\data\schema.yaml loaded successfully
2024-06-27 15:52:37,316 - custom_logger - INFO - created directory at: data
2024-06-27 15:52:37,321 - custom_logger - ERROR - [Errno 2] No such file or directory: 'data/raw/wine_quality.csv'
Traceback (most recent call last):
  File "C:\Users\lenov\OneDrive\Documents\wine_quality\src\pipeline\stage02_data_validation.py", line 28, in <module>
    obj.main()
  File "C:\Users\lenov\OneDrive\Documents\wine_quality\src\pipeline\stage02_data_validation.py", line 22, in main
    data_validation.validate_all_columns()
  File "C:\Users\lenov\OneDrive\Documents\wine_quality\src\data\data_validation.py", line 27, in validate_all_columns
    raise e
  File "C:\Users\lenov\OneDrive\Documents\wine_quality\src\data\data_validation.py", line 11, in validate_all_columns
    data = pd.read_csv(self.config.unzip_data_dir)
           ^^^^^^^^^^^^^^^^^^^^^^^^^^^^^^^^^^^^^^^
  File "c:\Users\lenov\OneDrive\Documents\wine_quality\wq_env\Lib\site-packages\pandas\io\parsers\readers.py", line 1026, in read_csv
    return _read(filepath_or_buffer, kwds)
           ^^^^^^^^^^^^^^^^^^^^^^^^^^^^^^^
  File "c:\Users\lenov\OneDrive\Documents\wine_quality\wq_env\Lib\site-packages\pandas\io\parsers\readers.py", line 620, in _read
    parser = TextFileReader(filepath_or_buffer, **kwds)
             ^^^^^^^^^^^^^^^^^^^^^^^^^^^^^^^^^^^^^^^^^^
  File "c:\Users\lenov\OneDrive\Documents\wine_quality\wq_env\Lib\site-packages\pandas\io\parsers\readers.py", line 1620, in __init__
    self._engine = self._make_engine(f, self.engine)
                   ^^^^^^^^^^^^^^^^^^^^^^^^^^^^^^^^^
  File "c:\Users\lenov\OneDrive\Documents\wine_quality\wq_env\Lib\site-packages\pandas\io\parsers\readers.py", line 1880, in _make_engine
    self.handles = get_handle(
                   ^^^^^^^^^^^
  File "c:\Users\lenov\OneDrive\Documents\wine_quality\wq_env\Lib\site-packages\pandas\io\common.py", line 873, in get_handle
    handle = open(
             ^^^^^
FileNotFoundError: [Errno 2] No such file or directory: 'data/raw/wine_quality.csv'
2024-06-27 15:54:52,219 - custom_logger - INFO - Custom logger module initialized.
2024-06-27 15:54:52,920 - custom_logger - INFO - Parent folder: C:\Users\lenov\OneDrive\Documents\wine_quality
2024-06-27 15:54:52,920 - custom_logger - INFO - >>>>> stage Data Ingestion stage started <<<<<
2024-06-27 15:54:52,920 - custom_logger - INFO - yaml file: src\config.yaml loaded successfully
2024-06-27 15:54:52,944 - custom_logger - INFO - yaml file: src\models\params.yaml loaded successfully
2024-06-27 15:54:52,944 - custom_logger - INFO - yaml file: src\data\schema.yaml loaded successfully
2024-06-27 15:54:52,944 - custom_logger - INFO - created directory at: data/raw
2024-06-27 15:54:52,944 - custom_logger - INFO - File already exists.
2024-06-27 15:54:52,976 - custom_logger - INFO - >>>>> stage Data Ingestion stage completed <<<<<

x=======x
2024-06-27 15:54:53,854 - custom_logger - INFO - Custom logger module initialized.
2024-06-27 15:54:55,641 - custom_logger - INFO - >>>>> stage Data Validation stage started <<<<<
2024-06-27 15:54:55,648 - custom_logger - INFO - yaml file: src\config.yaml loaded successfully
2024-06-27 15:54:55,648 - custom_logger - INFO - yaml file: src\models\params.yaml loaded successfully
2024-06-27 15:54:55,648 - custom_logger - INFO - yaml file: src\data\schema.yaml loaded successfully
2024-06-27 15:54:55,648 - custom_logger - INFO - created directory at: data
2024-06-27 15:54:55,735 - custom_logger - INFO - >>>>> stage Data Validation stage completed <<<<<

x=======x
2024-06-27 16:05:18,175 - custom_logger - INFO - Custom logger module initialized.
2024-06-27 16:05:24,849 - custom_logger - INFO - >>>>> stage Data Transformation stage started <<<<<
2024-06-27 16:05:24,851 - custom_logger - INFO - >>>>> stage Data Transformation stage completed <<<<<

x=======x
2024-06-27 16:06:06,104 - custom_logger - INFO - Custom logger module initialized.
2024-06-27 16:06:07,960 - custom_logger - INFO - >>>>> stage Data Transformation stage started <<<<<
2024-06-27 16:06:07,964 - custom_logger - INFO - yaml file: src\config.yaml loaded successfully
2024-06-27 16:06:07,964 - custom_logger - INFO - yaml file: src\models\params.yaml loaded successfully
2024-06-27 16:06:07,966 - custom_logger - INFO - yaml file: src\data\schema.yaml loaded successfully
2024-06-27 16:06:07,966 - custom_logger - INFO - created directory at: data/processed
2024-06-27 16:06:07,969 - custom_logger - INFO - >>>>> stage Data Transformation stage completed <<<<<

x=======x
2024-06-27 16:08:04,739 - custom_logger - INFO - Custom logger module initialized.
2024-06-27 16:08:06,582 - custom_logger - INFO - >>>>> stage Data Transformation stage started <<<<<
2024-06-27 16:08:06,585 - custom_logger - INFO - yaml file: src\config.yaml loaded successfully
2024-06-27 16:08:06,585 - custom_logger - INFO - yaml file: src\models\params.yaml loaded successfully
2024-06-27 16:08:06,586 - custom_logger - INFO - yaml file: src\data\schema.yaml loaded successfully
2024-06-27 16:08:06,587 - custom_logger - INFO - created directory at: data/processed
2024-06-27 16:08:06,589 - custom_logger - INFO - >>>>> stage Data Transformation stage completed <<<<<

x=======x
2024-06-27 16:09:08,967 - custom_logger - INFO - Custom logger module initialized.
2024-06-27 16:09:10,478 - custom_logger - INFO - >>>>> stage Data Transformation stage started <<<<<
2024-06-27 16:09:10,480 - custom_logger - INFO - yaml file: src\config.yaml loaded successfully
2024-06-27 16:09:10,481 - custom_logger - INFO - yaml file: src\models\params.yaml loaded successfully
2024-06-27 16:09:10,482 - custom_logger - INFO - yaml file: src\data\schema.yaml loaded successfully
2024-06-27 16:09:10,482 - custom_logger - INFO - created directory at: data/processed
2024-06-27 16:09:10,483 - custom_logger - INFO - >>>>> stage Data Transformation stage completed <<<<<

x=======x
2024-06-27 16:09:57,584 - custom_logger - INFO - Custom logger module initialized.
2024-06-27 16:09:59,149 - custom_logger - INFO - >>>>> stage Data Transformation stage started <<<<<
2024-06-27 16:09:59,152 - custom_logger - INFO - yaml file: src\config.yaml loaded successfully
2024-06-27 16:09:59,153 - custom_logger - INFO - yaml file: src\models\params.yaml loaded successfully
2024-06-27 16:09:59,154 - custom_logger - INFO - yaml file: src\data\schema.yaml loaded successfully
2024-06-27 16:09:59,154 - custom_logger - INFO - created directory at: data/processed
2024-06-27 16:09:59,156 - custom_logger - INFO - >>>>> stage Data Transformation stage completed <<<<<

x=======x
2024-06-27 16:11:54,535 - custom_logger - INFO - Custom logger module initialized.
2024-06-27 16:11:57,578 - custom_logger - INFO - >>>>> stage Data Transformation stage started <<<<<
2024-06-27 16:11:57,580 - custom_logger - INFO - yaml file: src\config.yaml loaded successfully
2024-06-27 16:11:57,582 - custom_logger - INFO - yaml file: src\models\params.yaml loaded successfully
2024-06-27 16:11:57,585 - custom_logger - INFO - yaml file: src\data\schema.yaml loaded successfully
2024-06-27 16:11:57,585 - custom_logger - INFO - created directory at: data/processed
2024-06-27 16:11:57,643 - custom_logger - INFO - Splitted data into training and test sets
2024-06-27 16:11:57,643 - custom_logger - INFO - X_train shape: (1279, 11), y_train shape: (1279,)
2024-06-27 16:11:57,643 - custom_logger - INFO - X_test shape: (320, 11), y_test shape: (320,)
2024-06-27 16:11:57,644 - custom_logger - INFO - >>>>> stage Data Transformation stage completed <<<<<

x=======x
2024-06-27 16:12:09,380 - custom_logger - INFO - Custom logger module initialized.
2024-06-27 16:12:10,391 - custom_logger - INFO - Parent folder: C:\Users\lenov\OneDrive\Documents\wine_quality
2024-06-27 16:12:10,391 - custom_logger - INFO - >>>>> stage Data Ingestion stage started <<<<<
2024-06-27 16:12:10,397 - custom_logger - INFO - yaml file: src\config.yaml loaded successfully
2024-06-27 16:12:10,402 - custom_logger - INFO - yaml file: src\models\params.yaml loaded successfully
2024-06-27 16:12:10,406 - custom_logger - INFO - yaml file: src\data\schema.yaml loaded successfully
2024-06-27 16:12:10,407 - custom_logger - INFO - created directory at: data/raw
2024-06-27 16:12:10,407 - custom_logger - INFO - File already exists.
2024-06-27 16:12:10,415 - custom_logger - INFO - >>>>> stage Data Ingestion stage completed <<<<<

x=======x
2024-06-27 16:12:11,410 - custom_logger - INFO - Custom logger module initialized.
2024-06-27 16:12:12,838 - custom_logger - INFO - >>>>> stage Data Validation stage started <<<<<
2024-06-27 16:12:12,838 - custom_logger - INFO - yaml file: src\config.yaml loaded successfully
2024-06-27 16:12:12,838 - custom_logger - INFO - yaml file: src\models\params.yaml loaded successfully
2024-06-27 16:12:12,851 - custom_logger - INFO - yaml file: src\data\schema.yaml loaded successfully
2024-06-27 16:12:12,852 - custom_logger - INFO - created directory at: data
2024-06-27 16:12:12,875 - custom_logger - INFO - >>>>> stage Data Validation stage completed <<<<<

x=======x
2024-06-27 16:12:13,953 - custom_logger - INFO - Custom logger module initialized.
2024-06-27 16:12:17,880 - custom_logger - INFO - >>>>> stage Data Transformation stage started <<<<<
2024-06-27 16:12:17,886 - custom_logger - INFO - yaml file: src\config.yaml loaded successfully
2024-06-27 16:12:17,886 - custom_logger - INFO - yaml file: src\models\params.yaml loaded successfully
2024-06-27 16:12:17,886 - custom_logger - INFO - yaml file: src\data\schema.yaml loaded successfully
2024-06-27 16:12:17,886 - custom_logger - INFO - created directory at: data/processed
2024-06-27 16:12:17,928 - custom_logger - INFO - Splitted data into training and test sets
2024-06-27 16:12:17,928 - custom_logger - INFO - X_train shape: (1279, 11), y_train shape: (1279,)
2024-06-27 16:12:17,928 - custom_logger - INFO - X_test shape: (320, 11), y_test shape: (320,)
2024-06-27 16:12:17,928 - custom_logger - INFO - >>>>> stage Data Transformation stage completed <<<<<

x=======x
2024-06-27 16:14:52,760 - custom_logger - INFO - Custom logger module initialized.
2024-06-27 16:14:54,151 - custom_logger - INFO - >>>>> stage Data Validation stage started <<<<<
2024-06-27 16:14:54,153 - custom_logger - INFO - yaml file: src\config.yaml loaded successfully
2024-06-27 16:14:54,154 - custom_logger - INFO - yaml file: src\models\params.yaml loaded successfully
2024-06-27 16:14:54,155 - custom_logger - INFO - yaml file: src\data\schema.yaml loaded successfully
2024-06-27 16:14:54,155 - custom_logger - INFO - created directory at: data
2024-06-27 16:14:54,173 - custom_logger - INFO - >>>>> stage Data Validation stage completed <<<<<

x=======x
2024-06-27 16:14:55,678 - custom_logger - INFO - Custom logger module initialized.
2024-06-27 16:14:59,510 - custom_logger - INFO - >>>>> stage Data Transformation stage started <<<<<
2024-06-27 16:14:59,510 - custom_logger - INFO - yaml file: src\config.yaml loaded successfully
2024-06-27 16:14:59,510 - custom_logger - INFO - yaml file: src\models\params.yaml loaded successfully
2024-06-27 16:14:59,510 - custom_logger - INFO - yaml file: src\data\schema.yaml loaded successfully
2024-06-27 16:14:59,510 - custom_logger - INFO - created directory at: data/processed
2024-06-27 16:14:59,561 - custom_logger - INFO - Splitted data into training and test sets
2024-06-27 16:14:59,561 - custom_logger - INFO - X_train shape: (1279, 11), y_train shape: (1279,)
2024-06-27 16:14:59,561 - custom_logger - INFO - X_test shape: (320, 11), y_test shape: (320,)
2024-06-27 16:14:59,562 - custom_logger - INFO - >>>>> stage Data Transformation stage completed <<<<<

x=======x
2024-06-27 16:26:16,789 - custom_logger - INFO - Custom logger module initialized.
2024-06-27 16:26:21,210 - custom_logger - INFO - >>>>> stage Model trainer stage started <<<<<
2024-06-27 16:26:21,212 - custom_logger - INFO - yaml file: src\config.yaml loaded successfully
2024-06-27 16:26:21,213 - custom_logger - INFO - yaml file: src\models\params.yaml loaded successfully
2024-06-27 16:26:21,214 - custom_logger - INFO - yaml file: src\data\schema.yaml loaded successfully
2024-06-27 16:26:21,214 - custom_logger - INFO - created directory at: models
2024-06-27 16:26:21,214 - custom_logger - ERROR - 'ModelTrainerConfig' object has no attribute 'train_X_path'
Traceback (most recent call last):
  File "C:\Users\lenov\OneDrive\Documents\wine_quality\src\pipeline\stage04_model_trainer.py", line 28, in <module>
    obj.main()
  File "C:\Users\lenov\OneDrive\Documents\wine_quality\src\pipeline\stage04_model_trainer.py", line 22, in main
    model_trainer.train()
  File "C:\Users\lenov\OneDrive\Documents\wine_quality\src\models\model_trainer.py", line 12, in train
    X_train = pd.read_csv(self.config.train_X_path)
                          ^^^^^^^^^^^^^^^^^^^^^^^^
AttributeError: 'ModelTrainerConfig' object has no attribute 'train_X_path'
2024-06-27 16:27:36,097 - custom_logger - INFO - Custom logger module initialized.
2024-06-27 16:27:38,267 - custom_logger - INFO - >>>>> stage Model trainer stage started <<<<<
2024-06-27 16:27:38,270 - custom_logger - INFO - yaml file: src\config.yaml loaded successfully
2024-06-27 16:27:38,273 - custom_logger - INFO - yaml file: src\models\params.yaml loaded successfully
2024-06-27 16:27:38,275 - custom_logger - INFO - yaml file: src\data\schema.yaml loaded successfully
2024-06-27 16:27:38,277 - custom_logger - INFO - created directory at: models
2024-06-27 16:27:38,386 - custom_logger - ERROR - Found input variables with inconsistent numbers of samples: [1279, 320]
Traceback (most recent call last):
  File "C:\Users\lenov\OneDrive\Documents\wine_quality\src\pipeline\stage04_model_trainer.py", line 28, in <module>
    obj.main()
  File "C:\Users\lenov\OneDrive\Documents\wine_quality\src\pipeline\stage04_model_trainer.py", line 22, in main
    model_trainer.train()
  File "C:\Users\lenov\OneDrive\Documents\wine_quality\src\models\model_trainer.py", line 16, in train
    lr.fit(X_train, y_train)
  File "c:\Users\lenov\OneDrive\Documents\wine_quality\wq_env\Lib\site-packages\sklearn\base.py", line 1473, in wrapper
    return fit_method(estimator, *args, **kwargs)
           ^^^^^^^^^^^^^^^^^^^^^^^^^^^^^^^^^^^^^^
  File "c:\Users\lenov\OneDrive\Documents\wine_quality\wq_env\Lib\site-packages\sklearn\linear_model\_coordinate_descent.py", line 980, in fit
    X, y = self._validate_data(
           ^^^^^^^^^^^^^^^^^^^^
  File "c:\Users\lenov\OneDrive\Documents\wine_quality\wq_env\Lib\site-packages\sklearn\base.py", line 650, in _validate_data
    X, y = check_X_y(X, y, **check_params)
           ^^^^^^^^^^^^^^^^^^^^^^^^^^^^^^^
  File "c:\Users\lenov\OneDrive\Documents\wine_quality\wq_env\Lib\site-packages\sklearn\utils\validation.py", line 1291, in check_X_y
    check_consistent_length(X, y)
  File "c:\Users\lenov\OneDrive\Documents\wine_quality\wq_env\Lib\site-packages\sklearn\utils\validation.py", line 460, in check_consistent_length
    raise ValueError(
ValueError: Found input variables with inconsistent numbers of samples: [1279, 320]
2024-06-27 16:29:40,839 - custom_logger - INFO - Custom logger module initialized.
2024-06-27 16:29:44,387 - custom_logger - INFO - >>>>> stage Model trainer stage started <<<<<
2024-06-27 16:29:44,399 - custom_logger - INFO - yaml file: src\config.yaml loaded successfully
2024-06-27 16:29:44,400 - custom_logger - INFO - yaml file: src\models\params.yaml loaded successfully
2024-06-27 16:29:44,404 - custom_logger - INFO - yaml file: src\data\schema.yaml loaded successfully
2024-06-27 16:29:44,406 - custom_logger - INFO - created directory at: models
2024-06-27 16:29:44,448 - custom_logger - ERROR - Found input variables with inconsistent numbers of samples: [1279, 320]
Traceback (most recent call last):
  File "C:\Users\lenov\OneDrive\Documents\wine_quality\src\pipeline\stage04_model_trainer.py", line 28, in <module>
    obj.main()
  File "C:\Users\lenov\OneDrive\Documents\wine_quality\src\pipeline\stage04_model_trainer.py", line 22, in main
    model_trainer.train()
  File "C:\Users\lenov\OneDrive\Documents\wine_quality\src\models\model_trainer.py", line 16, in train
    lr.fit(X_train, y_train)
  File "c:\Users\lenov\OneDrive\Documents\wine_quality\wq_env\Lib\site-packages\sklearn\base.py", line 1473, in wrapper
    return fit_method(estimator, *args, **kwargs)
           ^^^^^^^^^^^^^^^^^^^^^^^^^^^^^^^^^^^^^^
  File "c:\Users\lenov\OneDrive\Documents\wine_quality\wq_env\Lib\site-packages\sklearn\linear_model\_coordinate_descent.py", line 980, in fit
    X, y = self._validate_data(
           ^^^^^^^^^^^^^^^^^^^^
  File "c:\Users\lenov\OneDrive\Documents\wine_quality\wq_env\Lib\site-packages\sklearn\base.py", line 650, in _validate_data
    X, y = check_X_y(X, y, **check_params)
           ^^^^^^^^^^^^^^^^^^^^^^^^^^^^^^^
  File "c:\Users\lenov\OneDrive\Documents\wine_quality\wq_env\Lib\site-packages\sklearn\utils\validation.py", line 1291, in check_X_y
    check_consistent_length(X, y)
  File "c:\Users\lenov\OneDrive\Documents\wine_quality\wq_env\Lib\site-packages\sklearn\utils\validation.py", line 460, in check_consistent_length
    raise ValueError(
ValueError: Found input variables with inconsistent numbers of samples: [1279, 320]
2024-06-27 16:30:29,328 - custom_logger - INFO - Custom logger module initialized.
2024-06-27 16:30:29,756 - custom_logger - INFO - Parent folder: C:\Users\lenov\OneDrive\Documents\wine_quality
2024-06-27 16:30:29,756 - custom_logger - INFO - >>>>> stage Data Ingestion stage started <<<<<
2024-06-27 16:30:29,758 - custom_logger - INFO - yaml file: src\config.yaml loaded successfully
2024-06-27 16:30:29,759 - custom_logger - INFO - yaml file: src\models\params.yaml loaded successfully
2024-06-27 16:30:29,760 - custom_logger - INFO - yaml file: src\data\schema.yaml loaded successfully
2024-06-27 16:30:29,760 - custom_logger - INFO - created directory at: data/raw
2024-06-27 16:30:31,719 - custom_logger - INFO - data/raw/data.zip download! With following info: 
Connection: close
Content-Length: 23329
Cache-Control: max-age=300
Content-Security-Policy: default-src 'none'; style-src 'unsafe-inline'; sandbox
Content-Type: application/zip
ETag: "c69888a4ae59bc5a893392785a938ccd4937981c06ba8a9d6a21aa52b4ab5b6e"
Strict-Transport-Security: max-age=31536000
X-Content-Type-Options: nosniff
X-Frame-Options: deny
X-XSS-Protection: 1; mode=block
X-GitHub-Request-Id: A4EB:3486FC:8BF417:92E910:667D7787
Accept-Ranges: bytes
Date: Thu, 27 Jun 2024 14:30:32 GMT
Via: 1.1 varnish
X-Served-By: cache-par-lfpg1960020-PAR
X-Cache: MISS
X-Cache-Hits: 0
X-Timer: S1719498632.851758,VS0,VE162
Vary: Authorization,Accept-Encoding,Origin
Access-Control-Allow-Origin: *
Cross-Origin-Resource-Policy: cross-origin
X-Fastly-Request-ID: c20082467264c3343f1c6f226689ba380c4181ac
Expires: Thu, 27 Jun 2024 14:35:32 GMT
Source-Age: 0


2024-06-27 16:30:31,751 - custom_logger - INFO - >>>>> stage Data Ingestion stage completed <<<<<

x=======x
2024-06-27 16:30:32,535 - custom_logger - INFO - Custom logger module initialized.
2024-06-27 16:30:34,324 - custom_logger - INFO - >>>>> stage Data Validation stage started <<<<<
2024-06-27 16:30:34,327 - custom_logger - INFO - yaml file: src\config.yaml loaded successfully
2024-06-27 16:30:34,328 - custom_logger - INFO - yaml file: src\models\params.yaml loaded successfully
2024-06-27 16:30:34,338 - custom_logger - INFO - yaml file: src\data\schema.yaml loaded successfully
2024-06-27 16:30:34,338 - custom_logger - INFO - created directory at: data
2024-06-27 16:30:34,372 - custom_logger - INFO - >>>>> stage Data Validation stage completed <<<<<

x=======x
2024-06-27 16:30:36,321 - custom_logger - INFO - Custom logger module initialized.
2024-06-27 16:30:39,223 - custom_logger - INFO - >>>>> stage Data Transformation stage started <<<<<
2024-06-27 16:30:39,231 - custom_logger - INFO - yaml file: src\config.yaml loaded successfully
2024-06-27 16:30:39,233 - custom_logger - INFO - yaml file: src\models\params.yaml loaded successfully
2024-06-27 16:30:39,237 - custom_logger - INFO - yaml file: src\data\schema.yaml loaded successfully
2024-06-27 16:30:39,237 - custom_logger - INFO - created directory at: data/processed
2024-06-27 16:30:39,298 - custom_logger - INFO - Splitted data into training and test sets
2024-06-27 16:30:39,300 - custom_logger - INFO - X_train shape: (1279, 11), y_train shape: (1279,)
2024-06-27 16:30:39,300 - custom_logger - INFO - X_test shape: (320, 11), y_test shape: (320,)
2024-06-27 16:30:39,304 - custom_logger - INFO - >>>>> stage Data Transformation stage completed <<<<<

x=======x
2024-06-27 16:30:40,620 - custom_logger - INFO - Custom logger module initialized.
2024-06-27 16:30:44,659 - custom_logger - INFO - >>>>> stage Model trainer stage started <<<<<
2024-06-27 16:30:44,662 - custom_logger - INFO - yaml file: src\config.yaml loaded successfully
2024-06-27 16:30:44,664 - custom_logger - INFO - yaml file: src\models\params.yaml loaded successfully
2024-06-27 16:30:44,668 - custom_logger - INFO - yaml file: src\data\schema.yaml loaded successfully
2024-06-27 16:30:44,670 - custom_logger - INFO - created directory at: models
2024-06-27 16:30:44,711 - custom_logger - ERROR - Found input variables with inconsistent numbers of samples: [1279, 320]
Traceback (most recent call last):
  File "C:\Users\lenov\OneDrive\Documents\wine_quality\src\pipeline\stage04_model_trainer.py", line 28, in <module>
    obj.main()
  File "C:\Users\lenov\OneDrive\Documents\wine_quality\src\pipeline\stage04_model_trainer.py", line 22, in main
    model_trainer.train()
  File "C:\Users\lenov\OneDrive\Documents\wine_quality\src\models\model_trainer.py", line 16, in train
    lr.fit(X_train, y_train)
  File "c:\Users\lenov\OneDrive\Documents\wine_quality\wq_env\Lib\site-packages\sklearn\base.py", line 1473, in wrapper
    return fit_method(estimator, *args, **kwargs)
           ^^^^^^^^^^^^^^^^^^^^^^^^^^^^^^^^^^^^^^
  File "c:\Users\lenov\OneDrive\Documents\wine_quality\wq_env\Lib\site-packages\sklearn\linear_model\_coordinate_descent.py", line 980, in fit
    X, y = self._validate_data(
           ^^^^^^^^^^^^^^^^^^^^
  File "c:\Users\lenov\OneDrive\Documents\wine_quality\wq_env\Lib\site-packages\sklearn\base.py", line 650, in _validate_data
    X, y = check_X_y(X, y, **check_params)
           ^^^^^^^^^^^^^^^^^^^^^^^^^^^^^^^
  File "c:\Users\lenov\OneDrive\Documents\wine_quality\wq_env\Lib\site-packages\sklearn\utils\validation.py", line 1291, in check_X_y
    check_consistent_length(X, y)
  File "c:\Users\lenov\OneDrive\Documents\wine_quality\wq_env\Lib\site-packages\sklearn\utils\validation.py", line 460, in check_consistent_length
    raise ValueError(
ValueError: Found input variables with inconsistent numbers of samples: [1279, 320]
2024-06-27 16:31:54,056 - custom_logger - INFO - Custom logger module initialized.
2024-06-27 16:31:57,406 - custom_logger - INFO - >>>>> stage Model trainer stage started <<<<<
2024-06-27 16:31:57,409 - custom_logger - INFO - yaml file: src\config.yaml loaded successfully
2024-06-27 16:31:57,410 - custom_logger - INFO - yaml file: src\models\params.yaml loaded successfully
2024-06-27 16:31:57,412 - custom_logger - INFO - yaml file: src\data\schema.yaml loaded successfully
2024-06-27 16:31:57,412 - custom_logger - INFO - created directory at: models
2024-06-27 16:31:57,458 - custom_logger - INFO - >>>>> stage Model trainer stage completed <<<<< 

 x========x
2024-06-27 16:36:51,308 - custom_logger - INFO - Custom logger module initialized.
2024-06-27 16:37:00,776 - dagshub - INFO - Initialized MLflow to track repo "mjdocevedo/wine_quality"
2024-06-27 16:37:00,777 - dagshub - INFO - Repository mjdocevedo/wine_quality initialized!
2024-06-27 16:37:00,777 - custom_logger - INFO - >>>>> stage Model evaluation stage started <<<<<
2024-06-27 16:37:00,779 - custom_logger - INFO - yaml file: src\config.yaml loaded successfully
2024-06-27 16:37:00,780 - custom_logger - INFO - yaml file: src\models\params.yaml loaded successfully
2024-06-27 16:37:00,781 - custom_logger - INFO - yaml file: src\data\schema.yaml loaded successfully
2024-06-27 16:37:00,782 - custom_logger - INFO - created directory at: metrics
2024-06-27 16:37:00,782 - custom_logger - ERROR - 'ModelEvaluationConfig' object has no attribute 'test_X_path'
Traceback (most recent call last):
  File "C:\Users\lenov\OneDrive\Documents\wine_quality\src\pipeline\stage05_model_evaluation.py", line 28, in <module>
    obj.main()
  File "C:\Users\lenov\OneDrive\Documents\wine_quality\src\pipeline\stage05_model_evaluation.py", line 22, in main
    model_evaluation.log_into_mlflow()
  File "C:\Users\lenov\OneDrive\Documents\wine_quality\src\models\model_evaluation.py", line 27, in log_into_mlflow
    X_test = pd.read_csv(self.config.test_X_path)
                         ^^^^^^^^^^^^^^^^^^^^^^^
AttributeError: 'ModelEvaluationConfig' object has no attribute 'test_X_path'
2024-06-27 16:37:41,754 - custom_logger - INFO - Custom logger module initialized.
2024-06-27 16:37:48,021 - dagshub - INFO - Initialized MLflow to track repo "mjdocevedo/wine_quality"
2024-06-27 16:37:48,022 - dagshub - INFO - Repository mjdocevedo/wine_quality initialized!
2024-06-27 16:37:48,022 - custom_logger - INFO - >>>>> stage Model evaluation stage started <<<<<
2024-06-27 16:37:48,024 - custom_logger - INFO - yaml file: src\config.yaml loaded successfully
2024-06-27 16:37:48,024 - custom_logger - INFO - yaml file: src\models\params.yaml loaded successfully
2024-06-27 16:37:48,027 - custom_logger - INFO - yaml file: src\data\schema.yaml loaded successfully
2024-06-27 16:37:48,027 - custom_logger - INFO - created directory at: metrics
2024-06-27 16:37:48,982 - custom_logger - INFO - json file saved at: metrics\metrics.json
2024-06-27 16:38:03,823 - custom_logger - INFO - >>>>> stage Model evaluation stage completed <<<<< 

 x========x
2024-06-28 17:19:14,999 - custom_logger - INFO - Custom logger module initialized.
2024-06-28 17:31:21,135 - custom_logger - INFO - Custom logger module initialized.
2024-06-28 17:31:22,295 - custom_logger - INFO - Parent folder: C:\Users\lenov\OneDrive\Documents\wine_quality
2024-06-28 17:31:22,295 - custom_logger - INFO - >>>>> stage Data Ingestion stage started <<<<<
2024-06-28 17:31:22,295 - custom_logger - INFO - yaml file: src\config.yaml loaded successfully
2024-06-28 17:31:22,295 - custom_logger - ERROR - [Errno 2] No such file or directory: 'src\\models\\params.yaml'
Traceback (most recent call last):
  File "C:\Users\lenov\OneDrive\Documents\wine_quality\src\pipeline_steps\stage01_data_ingestion.py", line 33, in <module>
    obj.main()
  File "C:\Users\lenov\OneDrive\Documents\wine_quality\src\pipeline_steps\stage01_data_ingestion.py", line 23, in main
    config = ConfigurationManager()
             ^^^^^^^^^^^^^^^^^^^^^^
  File "C:\Users\lenov\OneDrive\Documents\wine_quality\src\config_manager.py", line 17, in __init__
    self.params = read_yaml(params_filepath)
                  ^^^^^^^^^^^^^^^^^^^^^^^^^^
  File "c:\Users\lenov\OneDrive\Documents\wine_quality\wq_env\Lib\site-packages\ensure\main.py", line 849, in __call__
    return_val = self.f(*args, **kwargs)
                 ^^^^^^^^^^^^^^^^^^^^^^^
  File "C:\Users\lenov\OneDrive\Documents\wine_quality\src\common_utils.py", line 34, in read_yaml
    raise e
  File "C:\Users\lenov\OneDrive\Documents\wine_quality\src\common_utils.py", line 27, in read_yaml
    with open(path_to_yaml) as yaml_file:
         ^^^^^^^^^^^^^^^^^^
FileNotFoundError: [Errno 2] No such file or directory: 'src\\models\\params.yaml'
2024-06-28 17:33:04,936 - custom_logger - INFO - Custom logger module initialized.
2024-06-28 17:33:05,728 - custom_logger - INFO - Parent folder: C:\Users\lenov\OneDrive\Documents\wine_quality
2024-06-28 17:33:05,728 - custom_logger - INFO - >>>>> stage Data Ingestion stage started <<<<<
2024-06-28 17:33:05,738 - custom_logger - INFO - yaml file: src\config.yaml loaded successfully
2024-06-28 17:33:05,738 - custom_logger - INFO - yaml file: src\models_module_def\params.yaml loaded successfully
2024-06-28 17:33:05,738 - custom_logger - INFO - yaml file: src\data_module_def\schema.yaml loaded successfully
2024-06-28 17:33:05,738 - custom_logger - INFO - created directory at: data/raw
2024-06-28 17:33:05,738 - custom_logger - INFO - File already exists.
2024-06-28 17:33:05,759 - custom_logger - INFO - >>>>> stage Data Ingestion stage completed <<<<<

x=======x
2024-06-28 17:33:06,940 - custom_logger - INFO - Custom logger module initialized.
2024-06-28 17:33:11,161 - custom_logger - INFO - >>>>> stage Data Validation stage started <<<<<
2024-06-28 17:33:11,161 - custom_logger - INFO - yaml file: src\config.yaml loaded successfully
2024-06-28 17:33:11,161 - custom_logger - INFO - yaml file: src\models_module_def\params.yaml loaded successfully
2024-06-28 17:33:11,171 - custom_logger - INFO - yaml file: src\data_module_def\schema.yaml loaded successfully
2024-06-28 17:33:11,171 - custom_logger - INFO - created directory at: data
2024-06-28 17:33:11,197 - custom_logger - INFO - >>>>> stage Data Validation stage completed <<<<<

x=======x
2024-06-28 17:33:12,038 - custom_logger - INFO - Custom logger module initialized.
2024-06-28 17:33:18,772 - custom_logger - INFO - >>>>> stage Data Transformation stage started <<<<<
2024-06-28 17:33:18,788 - custom_logger - INFO - yaml file: src\config.yaml loaded successfully
2024-06-28 17:33:18,788 - custom_logger - INFO - yaml file: src\models_module_def\params.yaml loaded successfully
2024-06-28 17:33:18,792 - custom_logger - INFO - yaml file: src\data_module_def\schema.yaml loaded successfully
2024-06-28 17:33:18,793 - custom_logger - INFO - created directory at: data/processed
2024-06-28 17:33:18,822 - custom_logger - INFO - Splitted data into training and test sets
2024-06-28 17:33:18,822 - custom_logger - INFO - X_train shape: (1279, 11), y_train shape: (1279,)
2024-06-28 17:33:18,822 - custom_logger - INFO - X_test shape: (320, 11), y_test shape: (320,)
2024-06-28 17:33:18,822 - custom_logger - INFO - >>>>> stage Data Transformation stage completed <<<<<

x=======x
2024-06-28 17:33:20,672 - custom_logger - INFO - Custom logger module initialized.
2024-06-28 17:33:23,942 - custom_logger - INFO - >>>>> stage Model trainer stage started <<<<<
2024-06-28 17:33:23,943 - custom_logger - INFO - yaml file: src\config.yaml loaded successfully
2024-06-28 17:33:23,943 - custom_logger - INFO - yaml file: src\models_module_def\params.yaml loaded successfully
2024-06-28 17:33:23,943 - custom_logger - INFO - yaml file: src\data_module_def\schema.yaml loaded successfully
2024-06-28 17:33:23,943 - custom_logger - INFO - created directory at: models
2024-06-28 17:33:23,981 - custom_logger - INFO - >>>>> stage Model trainer stage completed <<<<< 

 x========x
2024-06-28 17:33:24,867 - custom_logger - INFO - Custom logger module initialized.
2024-06-28 17:33:32,677 - dagshub - INFO - Initialized MLflow to track repo "mjdocevedo/wine_quality"
2024-06-28 17:33:32,677 - dagshub - INFO - Repository mjdocevedo/wine_quality initialized!
2024-06-28 17:33:32,677 - custom_logger - INFO - >>>>> stage Model evaluation stage started <<<<<
2024-06-28 17:33:32,694 - custom_logger - INFO - yaml file: src\config.yaml loaded successfully
2024-06-28 17:33:32,694 - custom_logger - INFO - yaml file: src\models_module_def\params.yaml loaded successfully
2024-06-28 17:33:32,697 - custom_logger - INFO - yaml file: src\data_module_def\schema.yaml loaded successfully
2024-06-28 17:33:32,697 - custom_logger - INFO - created directory at: metrics
2024-06-28 17:33:33,344 - custom_logger - INFO - json file saved at: metrics\metrics.json
2024-06-28 17:33:47,854 - custom_logger - INFO - >>>>> stage Model evaluation stage completed <<<<< 

 x========x
2024-06-28 17:35:38,610 - custom_logger - INFO - Custom logger module initialized.
2024-06-28 17:35:57,970 - dagshub - INFO - Initialized MLflow to track repo "mjdocevedo/wine_quality"
2024-06-28 17:35:57,977 - dagshub - INFO - Repository mjdocevedo/wine_quality initialized!
2024-06-28 17:35:59,834 - custom_logger - INFO - yaml file: src\config.yaml loaded successfully
2024-06-28 17:35:59,849 - custom_logger - INFO - yaml file: src\models_module_def\params.yaml loaded successfully
2024-06-28 17:35:59,851 - custom_logger - INFO - yaml file: src\data_module_def\schema.yaml loaded successfully
2024-06-28 17:35:59,852 - custom_logger - INFO - created directory at: data/raw
2024-06-28 17:35:59,853 - custom_logger - INFO - File already exists.
2026-02-12 19:01:33,554 - custom_logger - INFO - Custom logger module initialized.
2026-02-12 19:02:12,551 - dagshub.auth.tokens - INFO - Removed expired tokens from the token cache
2026-02-12 19:02:13,192 - httpx - INFO - HTTP Request: GET https://dagshub.com/api/v1/user "HTTP/1.1 200 OK"
2026-02-12 19:02:13,200 - dagshub - INFO - Accessing as tsufz
2026-02-12 19:02:13,674 - httpx - INFO - HTTP Request: GET https://dagshub.com/api/v1/repos/your_username/your_repo "HTTP/1.1 404 Not Found"
2026-02-12 19:02:13,678 - dagshub - INFO - Repository your_repo doesn't exist, creating it under current user.
2026-02-12 19:02:15,436 - httpx - INFO - HTTP Request: POST https://dagshub.com/api/v1/user/repos "HTTP/1.1 201 Created"
2026-02-12 19:02:15,918 - httpx - INFO - HTTP Request: GET https://dagshub.com/api/v1/user "HTTP/1.1 200 OK"
2026-02-12 19:02:15,923 - dagshub - INFO - Initialized MLflow to track repo "your_username/your_repo"
2026-02-12 19:02:15,925 - dagshub - INFO - Repository your_username/your_repo initialized!
2026-02-12 19:03:11,939 - httpx - INFO - HTTP Request: GET https://dagshub.com/api/v1/repos/tsufz/overview_mlops_wine_quality_student "HTTP/1.1 200 OK"
2026-02-12 19:03:11,945 - dagshub - INFO - Initialized MLflow to track repo "tsufz/overview_mlops_wine_quality_student"
2026-02-12 19:03:11,947 - dagshub - INFO - Repository tsufz/overview_mlops_wine_quality_student initialized!
2026-02-12 19:03:17,808 - custom_logger - INFO - yaml file: src/config.yaml loaded successfully
2026-02-12 19:03:17,811 - custom_logger - INFO - yaml file: src/models_module_def/params.yaml loaded successfully
2026-02-12 19:03:17,814 - custom_logger - INFO - yaml file: src/data_module_def/schema.yaml loaded successfully
2026-02-12 19:03:17,816 - custom_logger - INFO - created directory at: data/raw
2026-02-12 19:03:18,550 - custom_logger - INFO - data/raw/data.zip download! With following info: 
Connection: close
Content-Length: 23329
Cache-Control: max-age=300
Content-Security-Policy: default-src 'none'; style-src 'unsafe-inline'; sandbox
Content-Type: application/zip
ETag: "c69888a4ae59bc5a893392785a938ccd4937981c06ba8a9d6a21aa52b4ab5b6e"
Strict-Transport-Security: max-age=31536000
X-Content-Type-Options: nosniff
X-Frame-Options: deny
X-XSS-Protection: 1; mode=block
X-GitHub-Request-Id: 40C0:3EE9A5:24B413:279755:698E15E5
Accept-Ranges: bytes
Date: Thu, 12 Feb 2026 18:03:18 GMT
Via: 1.1 varnish
X-Served-By: cache-fra-etou8220085-FRA
X-Cache: MISS
X-Cache-Hits: 0
X-Timer: S1770919398.386780,VS0,VE147
Vary: Authorization,Accept-Encoding
Access-Control-Allow-Origin: *
Cross-Origin-Resource-Policy: cross-origin
X-Fastly-Request-ID: a65d789bbca11fcbeb2a2cbd4fb3ed1f134ed604
Expires: Thu, 12 Feb 2026 18:08:18 GMT
Source-Age: 0


2026-02-12 19:03:23,401 - custom_logger - INFO - yaml file: src/config.yaml loaded successfully
2026-02-12 19:03:23,404 - custom_logger - INFO - yaml file: src/models_module_def/params.yaml loaded successfully
2026-02-12 19:03:23,408 - custom_logger - INFO - yaml file: src/data_module_def/schema.yaml loaded successfully
2026-02-12 19:03:23,409 - custom_logger - INFO - created directory at: data/raw
2026-02-12 19:03:23,410 - custom_logger - INFO - File already exists.
2026-02-12 19:03:25,546 - custom_logger - INFO - yaml file: src/config.yaml loaded successfully
2026-02-12 19:03:25,548 - custom_logger - INFO - yaml file: src/models_module_def/params.yaml loaded successfully
2026-02-12 19:03:25,550 - custom_logger - INFO - yaml file: src/data_module_def/schema.yaml loaded successfully
2026-02-12 19:03:25,552 - custom_logger - INFO - created directory at: data
2026-02-12 19:03:27,088 - custom_logger - INFO - yaml file: src/config.yaml loaded successfully
2026-02-12 19:03:27,090 - custom_logger - INFO - yaml file: src/models_module_def/params.yaml loaded successfully
2026-02-12 19:03:27,094 - custom_logger - INFO - yaml file: src/data_module_def/schema.yaml loaded successfully
2026-02-12 19:03:27,095 - custom_logger - INFO - created directory at: data/processed
2026-02-12 19:03:27,145 - custom_logger - INFO - Splitted data into training and test sets
2026-02-12 19:03:27,145 - custom_logger - INFO - X_train shape: (1279, 11), y_train shape: (1279,)
2026-02-12 19:03:27,145 - custom_logger - INFO - X_test shape: (320, 11), y_test shape: (320,)
2026-02-12 19:03:28,751 - custom_logger - INFO - yaml file: src/config.yaml loaded successfully
2026-02-12 19:03:28,754 - custom_logger - INFO - yaml file: src/models_module_def/params.yaml loaded successfully
2026-02-12 19:03:28,757 - custom_logger - INFO - yaml file: src/data_module_def/schema.yaml loaded successfully
2026-02-12 19:03:28,758 - custom_logger - INFO - created directory at: models
2026-02-12 19:03:30,123 - custom_logger - INFO - yaml file: src/config.yaml loaded successfully
2026-02-12 19:03:30,126 - custom_logger - INFO - yaml file: src/models_module_def/params.yaml loaded successfully
2026-02-12 19:03:30,131 - custom_logger - INFO - yaml file: src/data_module_def/schema.yaml loaded successfully
2026-02-12 19:03:30,133 - custom_logger - INFO - created directory at: metrics
2026-02-12 19:03:30,933 - custom_logger - INFO - json file saved at: metrics/metrics.json
2026-02-12 19:11:45,109 - httpx - INFO - HTTP Request: GET https://dagshub.com/api/v1/repos/tsufz/overview_mlops_wine_quality_student "HTTP/1.1 200 OK"
2026-02-12 19:11:45,115 - dagshub - INFO - Initialized MLflow to track repo "tsufz/overview_mlops_wine_quality_student"
2026-02-12 19:11:45,117 - dagshub - INFO - Repository tsufz/overview_mlops_wine_quality_student initialized!
2026-02-12 19:14:55,144 - custom_logger - INFO - Custom logger module initialized.
2026-02-12 19:15:07,723 - dagshub.auth.tokens - INFO - Removed expired tokens from the token cache
2026-02-12 19:15:08,328 - httpx - INFO - HTTP Request: GET https://dagshub.com/api/v1/user "HTTP/1.1 200 OK"
2026-02-12 19:15:08,337 - dagshub - INFO - Accessing as tsufz
2026-02-12 19:15:08,877 - httpx - INFO - HTTP Request: GET https://dagshub.com/api/v1/repos/tsufz/overview_mlops_wine_quality_student "HTTP/1.1 200 OK"
2026-02-12 19:15:09,340 - httpx - INFO - HTTP Request: GET https://dagshub.com/api/v1/user "HTTP/1.1 200 OK"
2026-02-12 19:15:09,346 - dagshub - INFO - Initialized MLflow to track repo "tsufz/overview_mlops_wine_quality_student"
2026-02-12 19:15:09,351 - dagshub - INFO - Repository tsufz/overview_mlops_wine_quality_student initialized!
2026-02-12 19:15:09,377 - custom_logger - INFO - yaml file: src/config.yaml loaded successfully
2026-02-12 19:15:09,381 - custom_logger - INFO - yaml file: src/models_module_def/params.yaml loaded successfully
2026-02-12 19:15:09,385 - custom_logger - INFO - yaml file: src/data_module_def/schema.yaml loaded successfully
2026-02-12 19:15:09,387 - custom_logger - INFO - created directory at: data/raw
2026-02-12 19:15:09,387 - custom_logger - INFO - File already exists.
2026-02-12 19:15:16,172 - custom_logger - INFO - yaml file: src/config.yaml loaded successfully
2026-02-12 19:15:16,174 - custom_logger - INFO - yaml file: src/models_module_def/params.yaml loaded successfully
2026-02-12 19:15:16,177 - custom_logger - INFO - yaml file: src/data_module_def/schema.yaml loaded successfully
2026-02-12 19:15:16,178 - custom_logger - INFO - created directory at: data
2026-02-12 19:15:18,892 - custom_logger - INFO - yaml file: src/config.yaml loaded successfully
2026-02-12 19:15:18,894 - custom_logger - INFO - yaml file: src/models_module_def/params.yaml loaded successfully
2026-02-12 19:15:18,897 - custom_logger - INFO - yaml file: src/data_module_def/schema.yaml loaded successfully
2026-02-12 19:15:18,898 - custom_logger - INFO - created directory at: data/processed
2026-02-12 19:15:18,961 - custom_logger - INFO - Splitted data into training and test sets
2026-02-12 19:15:18,962 - custom_logger - INFO - X_train shape: (1279, 11), y_train shape: (1279,)
2026-02-12 19:15:18,962 - custom_logger - INFO - X_test shape: (320, 11), y_test shape: (320,)
2026-02-12 19:15:20,760 - custom_logger - INFO - yaml file: src/config.yaml loaded successfully
2026-02-12 19:15:20,762 - custom_logger - INFO - yaml file: src/models_module_def/params.yaml loaded successfully
2026-02-12 19:15:20,765 - custom_logger - INFO - yaml file: src/data_module_def/schema.yaml loaded successfully
2026-02-12 19:15:20,766 - custom_logger - INFO - created directory at: models
2026-02-12 19:15:23,676 - custom_logger - INFO - yaml file: src/config.yaml loaded successfully
2026-02-12 19:15:23,677 - custom_logger - INFO - yaml file: src/models_module_def/params.yaml loaded successfully
2026-02-12 19:15:23,681 - custom_logger - INFO - yaml file: src/data_module_def/schema.yaml loaded successfully
2026-02-12 19:15:23,683 - custom_logger - INFO - created directory at: metrics
2026-02-12 19:15:24,514 - custom_logger - INFO - json file saved at: metrics/metrics.json
2026-02-12 19:19:05,767 - custom_logger - INFO - yaml file: src/config.yaml loaded successfully
2026-02-12 19:19:05,769 - custom_logger - INFO - yaml file: src/models_module_def/params.yaml loaded successfully
2026-02-12 19:19:05,773 - custom_logger - INFO - yaml file: src/data_module_def/schema.yaml loaded successfully
2026-02-12 19:19:05,775 - custom_logger - INFO - created directory at: metrics
2026-02-12 19:19:06,360 - custom_logger - INFO - json file saved at: metrics/metrics.json
2026-02-12 19:27:50,480 - custom_logger - INFO - Custom logger module initialized.
2026-02-12 19:28:07,529 - httpx - INFO - HTTP Request: GET https://dagshub.com/api/v1/user "HTTP/1.1 200 OK"
2026-02-12 19:28:07,539 - dagshub - INFO - Accessing as tsufz
2026-02-12 19:28:08,058 - httpx - INFO - HTTP Request: GET https://dagshub.com/api/v1/repos/tsufz/overview_mlops_wine_quality_student "HTTP/1.1 200 OK"
2026-02-12 19:28:08,520 - httpx - INFO - HTTP Request: GET https://dagshub.com/api/v1/user "HTTP/1.1 200 OK"
2026-02-12 19:28:08,524 - dagshub - INFO - Initialized MLflow to track repo "tsufz/overview_mlops_wine_quality_student"
2026-02-12 19:28:08,526 - dagshub - INFO - Repository tsufz/overview_mlops_wine_quality_student initialized!
2026-02-12 19:28:35,417 - httpx - INFO - HTTP Request: GET https://dagshub.com/api/v1/repos/tsufz/overview_mlops_wine_quality_student.mlflow "HTTP/1.1 404 Not Found"
2026-02-12 19:28:35,421 - dagshub - INFO - Repository overview_mlops_wine_quality_student.mlflow doesn't exist, creating it under current user.
2026-02-12 19:28:36,275 - httpx - INFO - HTTP Request: POST https://dagshub.com/api/v1/user/repos "HTTP/1.1 201 Created"
2026-02-12 19:28:36,278 - dagshub - INFO - Initialized MLflow to track repo "tsufz/overview_mlops_wine_quality_student.mlflow"
2026-02-12 19:28:36,280 - dagshub - INFO - Repository tsufz/overview_mlops_wine_quality_student.mlflow initialized!
2026-02-12 19:28:42,513 - custom_logger - INFO - yaml file: src/config.yaml loaded successfully
2026-02-12 19:28:42,515 - custom_logger - INFO - yaml file: src/models_module_def/params.yaml loaded successfully
2026-02-12 19:28:42,517 - custom_logger - INFO - yaml file: src/data_module_def/schema.yaml loaded successfully
2026-02-12 19:28:42,518 - custom_logger - INFO - created directory at: data/raw
2026-02-12 19:28:42,518 - custom_logger - INFO - File already exists.
2026-02-12 19:28:45,084 - custom_logger - INFO - yaml file: src/config.yaml loaded successfully
2026-02-12 19:28:45,085 - custom_logger - INFO - yaml file: src/models_module_def/params.yaml loaded successfully
2026-02-12 19:28:45,088 - custom_logger - INFO - yaml file: src/data_module_def/schema.yaml loaded successfully
2026-02-12 19:28:45,089 - custom_logger - INFO - created directory at: data
2026-02-12 19:28:46,971 - custom_logger - INFO - yaml file: src/config.yaml loaded successfully
2026-02-12 19:28:46,972 - custom_logger - INFO - yaml file: src/models_module_def/params.yaml loaded successfully
2026-02-12 19:28:46,975 - custom_logger - INFO - yaml file: src/data_module_def/schema.yaml loaded successfully
2026-02-12 19:28:46,975 - custom_logger - INFO - created directory at: data/processed
2026-02-12 19:28:47,031 - custom_logger - INFO - Splitted data into training and test sets
2026-02-12 19:28:47,031 - custom_logger - INFO - X_train shape: (1279, 11), y_train shape: (1279,)
2026-02-12 19:28:47,032 - custom_logger - INFO - X_test shape: (320, 11), y_test shape: (320,)
2026-02-12 19:28:48,499 - custom_logger - INFO - yaml file: src/config.yaml loaded successfully
2026-02-12 19:28:48,501 - custom_logger - INFO - yaml file: src/models_module_def/params.yaml loaded successfully
2026-02-12 19:28:48,503 - custom_logger - INFO - yaml file: src/data_module_def/schema.yaml loaded successfully
2026-02-12 19:28:48,504 - custom_logger - INFO - created directory at: models
2026-02-12 19:28:49,875 - custom_logger - INFO - yaml file: src/config.yaml loaded successfully
2026-02-12 19:28:49,877 - custom_logger - INFO - yaml file: src/models_module_def/params.yaml loaded successfully
2026-02-12 19:28:49,880 - custom_logger - INFO - yaml file: src/data_module_def/schema.yaml loaded successfully
2026-02-12 19:28:49,881 - custom_logger - INFO - created directory at: metrics
2026-02-12 19:28:50,747 - custom_logger - INFO - json file saved at: metrics/metrics.json
2026-02-12 19:30:45,352 - httpx - INFO - HTTP Request: GET https://dagshub.com/api/v1/repos/tsufz/overview_mlops_wine_quality_student "HTTP/1.1 200 OK"
2026-02-12 19:30:45,358 - dagshub - INFO - Initialized MLflow to track repo "tsufz/overview_mlops_wine_quality_student"
2026-02-12 19:30:45,360 - dagshub - INFO - Repository tsufz/overview_mlops_wine_quality_student initialized!
2026-02-12 19:30:52,015 - custom_logger - INFO - yaml file: src/config.yaml loaded successfully
2026-02-12 19:30:52,016 - custom_logger - INFO - yaml file: src/models_module_def/params.yaml loaded successfully
2026-02-12 19:30:52,018 - custom_logger - INFO - yaml file: src/data_module_def/schema.yaml loaded successfully
2026-02-12 19:30:52,019 - custom_logger - INFO - created directory at: data/raw
2026-02-12 19:30:52,019 - custom_logger - INFO - File already exists.
2026-02-12 19:30:55,796 - custom_logger - INFO - yaml file: src/config.yaml loaded successfully
2026-02-12 19:30:55,797 - custom_logger - INFO - yaml file: src/models_module_def/params.yaml loaded successfully
2026-02-12 19:30:55,799 - custom_logger - INFO - yaml file: src/data_module_def/schema.yaml loaded successfully
2026-02-12 19:30:55,800 - custom_logger - INFO - created directory at: data
2026-02-12 19:30:57,996 - custom_logger - INFO - yaml file: src/config.yaml loaded successfully
2026-02-12 19:30:57,997 - custom_logger - INFO - yaml file: src/models_module_def/params.yaml loaded successfully
2026-02-12 19:30:57,999 - custom_logger - INFO - yaml file: src/data_module_def/schema.yaml loaded successfully
2026-02-12 19:30:58,000 - custom_logger - INFO - created directory at: data/processed
2026-02-12 19:30:58,042 - custom_logger - INFO - Splitted data into training and test sets
2026-02-12 19:30:58,042 - custom_logger - INFO - X_train shape: (1279, 11), y_train shape: (1279,)
2026-02-12 19:30:58,042 - custom_logger - INFO - X_test shape: (320, 11), y_test shape: (320,)
2026-02-12 19:30:59,678 - custom_logger - INFO - yaml file: src/config.yaml loaded successfully
2026-02-12 19:30:59,679 - custom_logger - INFO - yaml file: src/models_module_def/params.yaml loaded successfully
2026-02-12 19:30:59,682 - custom_logger - INFO - yaml file: src/data_module_def/schema.yaml loaded successfully
2026-02-12 19:30:59,683 - custom_logger - INFO - created directory at: models
2026-02-12 19:31:03,074 - custom_logger - INFO - yaml file: src/config.yaml loaded successfully
2026-02-12 19:31:03,076 - custom_logger - INFO - yaml file: src/models_module_def/params.yaml loaded successfully
2026-02-12 19:31:03,078 - custom_logger - INFO - yaml file: src/data_module_def/schema.yaml loaded successfully
2026-02-12 19:31:03,078 - custom_logger - INFO - created directory at: metrics
2026-02-12 19:31:03,635 - custom_logger - INFO - json file saved at: metrics/metrics.json
2026-02-12 19:36:09,530 - custom_logger - INFO - Custom logger module initialized.
2026-02-12 19:36:13,207 - httpx - INFO - HTTP Request: GET https://dagshub.com/api/v1/user "HTTP/1.1 200 OK"
2026-02-12 19:36:13,215 - dagshub - INFO - Accessing as tsufz
2026-02-12 19:36:13,825 - httpx - INFO - HTTP Request: GET https://dagshub.com/api/v1/repos/tsufz/overview_mlops_wine_quality_student "HTTP/1.1 200 OK"
2026-02-12 19:36:14,342 - httpx - INFO - HTTP Request: GET https://dagshub.com/api/v1/user "HTTP/1.1 200 OK"
2026-02-12 19:36:14,346 - dagshub - INFO - Initialized MLflow to track repo "tsufz/overview_mlops_wine_quality_student"
2026-02-12 19:36:14,348 - dagshub - INFO - Repository tsufz/overview_mlops_wine_quality_student initialized!
2026-02-12 19:36:14,359 - custom_logger - INFO - yaml file: src/config.yaml loaded successfully
2026-02-12 19:36:14,360 - custom_logger - INFO - yaml file: src/models_module_def/params.yaml loaded successfully
2026-02-12 19:36:14,362 - custom_logger - INFO - yaml file: src/data_module_def/schema.yaml loaded successfully
2026-02-12 19:36:14,363 - custom_logger - INFO - created directory at: data/raw
2026-02-12 19:36:14,363 - custom_logger - INFO - File already exists.
2026-02-12 19:36:14,390 - custom_logger - INFO - yaml file: src/config.yaml loaded successfully
2026-02-12 19:36:14,391 - custom_logger - INFO - yaml file: src/models_module_def/params.yaml loaded successfully
2026-02-12 19:36:14,393 - custom_logger - INFO - yaml file: src/data_module_def/schema.yaml loaded successfully
2026-02-12 19:36:14,394 - custom_logger - INFO - created directory at: data
2026-02-12 19:36:14,419 - custom_logger - INFO - yaml file: src/config.yaml loaded successfully
2026-02-12 19:36:14,421 - custom_logger - INFO - yaml file: src/models_module_def/params.yaml loaded successfully
2026-02-12 19:36:14,423 - custom_logger - INFO - yaml file: src/data_module_def/schema.yaml loaded successfully
2026-02-12 19:36:14,424 - custom_logger - INFO - created directory at: data/processed
2026-02-12 19:36:14,470 - custom_logger - INFO - Splitted data into training and test sets
2026-02-12 19:36:14,471 - custom_logger - INFO - X_train shape: (1279, 11), y_train shape: (1279,)
2026-02-12 19:36:14,471 - custom_logger - INFO - X_test shape: (320, 11), y_test shape: (320,)
2026-02-12 19:36:14,482 - custom_logger - INFO - yaml file: src/config.yaml loaded successfully
2026-02-12 19:36:14,484 - custom_logger - INFO - yaml file: src/models_module_def/params.yaml loaded successfully
2026-02-12 19:36:14,487 - custom_logger - INFO - yaml file: src/data_module_def/schema.yaml loaded successfully
2026-02-12 19:36:14,487 - custom_logger - INFO - created directory at: models
2026-02-12 19:36:14,512 - custom_logger - INFO - yaml file: src/config.yaml loaded successfully
2026-02-12 19:36:14,514 - custom_logger - INFO - yaml file: src/models_module_def/params.yaml loaded successfully
2026-02-12 19:36:14,517 - custom_logger - INFO - yaml file: src/data_module_def/schema.yaml loaded successfully
2026-02-12 19:36:14,518 - custom_logger - INFO - created directory at: metrics
2026-02-12 19:36:15,266 - custom_logger - INFO - json file saved at: metrics/metrics.json
